.trae/specs/projects-redesign/项目9-动态定价数据.csv
日期,产品ID,当前定价,竞品价格,销量,当前库存,是否节假日,是否促销期
2023-09-29,P001,128.5127885047462,116.02559931192377,640,1902,0,0
2023-09-30,P001,123.26064825346107,133.80782087851694,960,1918,1,0
2023-10-01,P001,86.63780353872052,86.89313537197046,1625,1679,1,0
2023-10-02,P001,91.71939475214486,84.1827450441864,1131,604,0,0
2023-10-03,P001,99.90164456502328,102.0238002524358,1029,1846,0,0
2023-10-04,P001,141.46275436035532,130.91198251233854,589,1169,0,0
2023-10-05,P001,114.87388464893104,105.45515381979192,777,1025,0,0
2023-10-06,P001,147.91571558241574,136.6554919901022,574,1620,0,0
2023-10-07,P001,104.6440650061905,99.98829495390936,1184,628,1,0
2023-10-08,P001,135.12257773220205,131.576734626285,791,1214,1,0
2023-10-09,P001,119.41895300256446,127.63564650078847,773,898,0,0
2023-10-10,P001,115.5929559533543,114.60229570125864,785,792,0,0
2023-10-11,P001,148.9551176471614,144.1059502945306,553,702,0,0
2023-10-12,P001,106.75995295100617,106.39081868524597,900,642,0,0
2023-10-13,P001,98.34247345624702,97.60262933734631,1068,1294,0,0
2023-10-14,P001,133.1963815090918,135.39575248933437,866,1890,1,0
2023-10-15,P001,102.19811089149705,110.91500496595087,1223,893,1,0
2023-10-16,P001,149.54341121320164,160.16213098717955,527,1705,0,0
2023-10-17,P001,101.96637150998478,96.0226352398586,943,830,0,0
2023-10-18,P001,114.5349548384556,109.89815111858037,795,1572,0,0
2023-10-19,P001,105.3892660512101,115.13210468663652,947,925,0,0
2023-10-20,P001,102.42866609544824,95.15956352425718,972,989,0,0
2023-10-21,P001,133.48360937449021,136.37376874361556,831,1676,1,0
2023-10-22,P001,84.00633735263679,76.86572433812847,1691,1075,1,0
2023-10-23,P001,114.49421528807719,116.36304448823493,829,1707,0,0
2023-10-24,P001,86.75325804147371,84.34651769994966,1232,934,0,0
2023-10-25,P001,105.9845471890871,103.78113416878561,912,1298,0,0
2023-10-26,P001,103.45091967469163,109.05377662020526,951,1389,0,0
2023-10-27,P001,122.82046862504927,131.3824281382853,746,949,0,0
2023-10-28,P001,117.8467771267336,113.94526887319509,1024,714,1,0
2023-10-29,P001,121.8076732176269,115.08145300382998,965,1715,1,0
2023-10-30,P001,97.70989681096039,105.70780519194344,1041,910,0,0
2023-10-31,P001,117.29360594090247,118.30429835195308,779,1099,0,0
2023-11-01,P001,121.763669931923,110.48543011263178,1513,541,0,1
2023-11-02,P001,117.11666386336623,111.19613074421751,1545,1818,0,1
2023-11-03,P001,139.32474949051837,152.22758268698757,1212,1134,0,1
2023-11-04,P001,103.33858011690539,103.7139922687332,2449,597,1,1
2023-11-05,P001,145.11132472042755,153.36373795082932,1475,1351,1,1
2023-11-06,P001,118.604677691955,114.54340471644554,1513,1580,0,1
2023-11-07,P001,110.00282519563422,110.10712497326791,1751,1300,0,1
2023-11-08,P001,104.26709271488238,100.86242796790324,1858,1872,0,1
2023-11-09,P001,113.82048936601905,123.52515031112465,1613,1119,0,1
2023-11-10,P001,97.18184837563552,96.60014119277918,2102,1933,0,1
2023-11-11,P001,91.70683400580427,83.88176138307468,2945,1371,1,1
2023-11-12,P001,105.33279645134483,97.4463220307813,1176,1089,1,0
2023-11-13,P001,96.14997758734023,99.21001184381339,1065,740,0,0
2023-11-14,P001,116.56159090343793,126.33507428862157,776,1979,0,0
2023-11-15,P001,122.17866230465799,120.1983954357592,713,829,0,0
2023-11-16,P001,127.24450185371286,122.40354704537663,731,565,0,0
2023-11-17,P001,117.59333514393742,120.67588417591205,770,1379,0,0
2023-11-18,P001,85.75826450882226,86.73541132539091,1650,729,1,0
2023-11-19,P001,124.1320260042692,130.17642124489325,918,1373,1,0
2023-11-20,P001,133.9112428796836,121.17173273652502,632,998,0,0
2023-11-21,P001,104.03691775988915,98.17324877941371,947,1564,0,0
2023-11-22,P001,129.24664059587852,132.07068293230645,699,1642,0,0
2023-11-23,P001,134.86153248978883,146.5114421433966,635,555,0,0
2023-11-24,P001,124.76203105248797,133.5747101501278,715,1094,0,0
2023-11-25,P001,135.10367875828825,142.09955969674556,848,1457,1,0
2023-11-26,P001,146.10351123672172,148.76492439128603,775,1176,1,0
2023-11-27,P001,117.16404218151521,118.50610213654093,793,1649,0,0
2023-11-28,P001,103.499517437831,104.53780971660481,919,1664,0,0
2023-11-29,P001,126.60381127902934,120.82924740272074,663,1984,0,0
2023-11-30,P001,147.9866679692973,161.4406447639255,531,1651,0,0
2023-12-01,P001,125.33834506097095,121.1816418026834,711,1699,0,0
2023-12-02,P001,119.92375205331183,114.02945608738254,997,1741,1,0
2023-12-03,P001,101.52723498268004,91.9209515563611,1277,1228,1,0
2023-12-04,P001,96.13345172512012,102.6163713221856,1079,1885,0,0
2023-12-05,P001,128.04673181608598,122.51189731052526,663,587,0,0
2023-12-06,P001,83.01048657312346,89.48666279422481,1296,1018,0,0
2023-12-07,P001,125.4712098256442,126.33481794563744,727,1482,0,0
2023-12-08,P001,82.33090258135736,83.40040271034576,1320,1157,0,0
2023-12-09,P001,102.21060481315232,102.9189027357788,1247,1773,1,0
2023-12-10,P001,123.26788824170308,126.66876405396685,939,1907,1,0
2023-12-11,P001,106.15828415281366,109.15298577930281,922,1319,0,0
2023-12-12,P001,81.24247417109324,75.2289440083854,1365,1295,0,0
2023-12-13,P001,96.85994895119521,89.06118224720966,1016,764,0,0
2023-12-14,P001,136.64926324638648,137.7986594430065,593,1277,0,0
2023-12-15,P001,129.32359457751045,120.93389917240235,700,1180,0,0
2023-12-16,P001,108.37249062257703,115.82010111818411,1141,1246,1,0
2023-12-17,P001,111.78179357901277,122.50472149726276,1099,1444,1,0
2023-12-18,P001,127.82737775192678,117.86388133517474,703,1906,0,0
2023-12-19,P001,125.46939233934714,113.4254185325668,671,995,0,0
2023-12-20,P001,148.935146026417,140.71347482203387,547,1749,0,0
2023-12-21,P001,96.88471683587434,93.59460215751062,1089,1203,0,0
2023-12-22,P001,141.09846312395982,148.3607722480638,587,630,0,0
2023-12-23,P001,142.75210555548244,146.92907360422979,728,630,1,0
2023-12-24,P001,119.86008796662995,121.73349671839262,995,1669,1,0
2023-12-25,P001,142.44583037969272,128.6483367542097,579,1894,0,0
2023-12-26,P001,90.0715704182175,83.11622232240684,1175,717,0,0
2023-12-27,P001,101.00496113576372,93.83253419840042,983,1356,0,0
2023-12-28,P001,92.64442903060825,89.33789352495029,1111,1085,0,0
2023-12-29,P001,148.33077307187438,141.95794931824477,530,983,0,0
2023-12-30,P001,97.14904250529938,88.90437628120654,1314,1460,1,0
2023-12-31,P001,91.63561043376254,96.4508632213419,1507,1678,1,0
